// Jest Snapshot v1, https://goo.gl/fbAQLP

exports[`Hero component should render as expected 1`] = `
<header
  className="hero__container"
  id="home"
>
  <ProgressiveImage
    className="hero__image"
    src="static/header.jpg"
    thumbnail="static/thumbnails/header.jpg"
  />
  <div
    className="hero__imageContainer"
  >
    <div
      className="hero__bottomContainer"
    >
      <p
        className="hero__bottomText"
      >
        #idealoTech
      </p>
      <p
        className="socials__container hero__socials"
      >
        <a
          className="socials__item"
          href="https://twitter.com/idealoTech"
        >
          <span
            aria-hidden={true}
            className="fa fa-twitter"
          />
        </a>
        <a
          className="socials__item"
          href="https://medium.com/idealo-tech-blog"
        >
          <span
            aria-hidden={true}
            className="fa fa-medium"
          />
        </a>
        <a
          className="socials__item"
          href="https://www.linkedin.com/company/idealo-internet-gmbh/"
        >
          <span
            aria-hidden={true}
            className="fa fa-linkedin"
          />
        </a>
        <a
          className="socials__item"
          href="https://www.instagram.com/idealo/"
        >
          <span
            aria-hidden={true}
            className="fa fa-instagram"
          />
        </a>
        <a
          className="socials__item"
          href="https://www.facebook.com/idealoDE/"
        >
          <span
            aria-hidden={true}
            className="fa fa-facebook"
          />
        </a>
      </p>
    </div>
  </div>
  <p
    className="hero__text"
  >
    We're the Product & Technology department of 
    <strong>
      <a
        href="https://www.idealo.de/"
        target="_blank"
      >
        idealo.de
      </a>
    </strong>
    , a Berlin-based start-up success story. In 2000 we started out with the mission of helping consumers make the best purchasing decisions. Today, with 1.5 million visits per day, 50,000 shops and more than 330 million product offers, we are one of the most popular German e-commerce websites and one of the leading European shopping and comparison platforms.
  </p>
</header>
`;
